---
source: src/expr/src/scalar/func.rs
expression: "#[sqlfunc(\n    is_monotone = \"(false, false)\",\n    output_type = \"Numeric\",\n    is_infix_op = false,\n    sqlname = \"log\",\n    propagates_nulls = true\n)]\nfn log_base_numeric<'a>(a: Datum<'a>, b: Datum<'a>) -> Result<Datum<'a>, EvalError> {\n    let mut a = a.unwrap_numeric().0;\n    log_guard_numeric(&a, \"log\")?;\n    let mut b = b.unwrap_numeric().0;\n    log_guard_numeric(&b, \"log\")?;\n    let mut cx = numeric::cx_datum();\n    cx.ln(&mut a);\n    cx.ln(&mut b);\n    cx.div(&mut b, &a);\n    if a.is_zero() {\n        Err(EvalError::DivisionByZero)\n    } else {\n        cx.set_precision(usize::from(numeric::NUMERIC_DATUM_MAX_PRECISION - 1))\n            .expect(\"reducing precision below max always succeeds\");\n        let mut integral_check = b.clone();\n        cx.reduce(&mut integral_check);\n        let mut b = if integral_check.exponent() >= 0 { integral_check } else { b };\n        numeric::munge_numeric(&mut b).unwrap();\n        Ok(Datum::from(b))\n    }\n}\n"
---
#[derive(
    proptest_derive::Arbitrary,
    Ord,
    PartialOrd,
    Clone,
    Debug,
    Eq,
    PartialEq,
    serde::Serialize,
    serde::Deserialize,
    Hash,
    mz_lowertest::MzReflect
)]
pub struct LogBaseNumeric;
impl<'a> crate::func::binary::EagerBinaryFunc<'a> for LogBaseNumeric {
    type Input1 = Datum<'a>;
    type Input2 = Datum<'a>;
    type Output = Result<Datum<'a>, EvalError>;
    fn call(
        &self,
        a: Self::Input1,
        b: Self::Input2,
        temp_storage: &'a mz_repr::RowArena,
    ) -> Self::Output {
        log_base_numeric(a, b)
    }
    fn output_type(
        &self,
        input_type_a: mz_repr::ColumnType,
        input_type_b: mz_repr::ColumnType,
    ) -> mz_repr::ColumnType {
        use mz_repr::AsColumnType;
        let output = <Numeric>::as_column_type();
        let propagates_nulls = crate::func::binary::EagerBinaryFunc::propagates_nulls(
            self,
        );
        let nullable = output.nullable;
        output
            .nullable(
                nullable
                    || (propagates_nulls
                        && (input_type_a.nullable || input_type_b.nullable)),
            )
    }
    fn introduces_nulls(&self) -> bool {
        <Numeric as ::mz_repr::DatumType<'_, ()>>::nullable()
    }
    fn is_infix_op(&self) -> bool {
        false
    }
    fn is_monotone(&self) -> (bool, bool) {
        (false, false)
    }
    fn propagates_nulls(&self) -> bool {
        true
    }
}
impl std::fmt::Display for LogBaseNumeric {
    fn fmt(&self, f: &mut std::fmt::Formatter) -> std::fmt::Result {
        f.write_str("log")
    }
}
fn log_base_numeric<'a>(a: Datum<'a>, b: Datum<'a>) -> Result<Datum<'a>, EvalError> {
    let mut a = a.unwrap_numeric().0;
    log_guard_numeric(&a, "log")?;
    let mut b = b.unwrap_numeric().0;
    log_guard_numeric(&b, "log")?;
    let mut cx = numeric::cx_datum();
    cx.ln(&mut a);
    cx.ln(&mut b);
    cx.div(&mut b, &a);
    if a.is_zero() {
        Err(EvalError::DivisionByZero)
    } else {
        cx.set_precision(usize::from(numeric::NUMERIC_DATUM_MAX_PRECISION - 1))
            .expect("reducing precision below max always succeeds");
        let mut integral_check = b.clone();
        cx.reduce(&mut integral_check);
        let mut b = if integral_check.exponent() >= 0 { integral_check } else { b };
        numeric::munge_numeric(&mut b).unwrap();
        Ok(Datum::from(b))
    }
}
