---
source: src/expr/src/scalar/func.rs
expression: "#[sqlfunc(\n    is_monotone = \"(false, false)\",\n    output_type = \"Numeric\",\n    is_infix_op = false,\n    sqlname = \"extractd\",\n    propagates_nulls = true\n)]\nfn extract_date_units<'a>(a: Datum<'a>, b: Datum<'a>) -> Result<Datum<'a>, EvalError> {\n    let units = a.unwrap_str();\n    match units.parse() {\n        Ok(units) => Ok(extract_date_inner(units, b.unwrap_date().into())?.into()),\n        Err(_) => Err(EvalError::UnknownUnits(units.into())),\n    }\n}\n"
---
#[derive(
    proptest_derive::Arbitrary,
    Ord,
    PartialOrd,
    Clone,
    Debug,
    Eq,
    PartialEq,
    serde::Serialize,
    serde::Deserialize,
    Hash,
    mz_lowertest::MzReflect
)]
pub struct ExtractDateUnits;
impl<'a> crate::func::binary::EagerBinaryFunc<'a> for ExtractDateUnits {
    type Input1 = Datum<'a>;
    type Input2 = Datum<'a>;
    type Output = Result<Datum<'a>, EvalError>;
    fn call(
        &self,
        a: Self::Input1,
        b: Self::Input2,
        temp_storage: &'a mz_repr::RowArena,
    ) -> Self::Output {
        extract_date_units(a, b)
    }
    fn output_type(
        &self,
        input_type_a: mz_repr::ColumnType,
        input_type_b: mz_repr::ColumnType,
    ) -> mz_repr::ColumnType {
        use mz_repr::AsColumnType;
        let output = <Numeric>::as_column_type();
        let propagates_nulls = crate::func::binary::EagerBinaryFunc::propagates_nulls(
            self,
        );
        let nullable = output.nullable;
        output
            .nullable(
                nullable
                    || (propagates_nulls
                        && (input_type_a.nullable || input_type_b.nullable)),
            )
    }
    fn introduces_nulls(&self) -> bool {
        <Numeric as ::mz_repr::DatumType<'_, ()>>::nullable()
    }
    fn is_infix_op(&self) -> bool {
        false
    }
    fn is_monotone(&self) -> (bool, bool) {
        (false, false)
    }
    fn propagates_nulls(&self) -> bool {
        true
    }
}
impl std::fmt::Display for ExtractDateUnits {
    fn fmt(&self, f: &mut std::fmt::Formatter) -> std::fmt::Result {
        f.write_str("extractd")
    }
}
fn extract_date_units<'a>(a: Datum<'a>, b: Datum<'a>) -> Result<Datum<'a>, EvalError> {
    let units = a.unwrap_str();
    match units.parse() {
        Ok(units) => Ok(extract_date_inner(units, b.unwrap_date().into())?.into()),
        Err(_) => Err(EvalError::UnknownUnits(units.into())),
    }
}
