---
source: src/expr/src/scalar/func.rs
expression: "#[sqlfunc(\n    output_type = \"bool\",\n    is_infix_op = true,\n    sqlname = \"<@\",\n    propagates_nulls = true,\n    introduces_nulls = false\n)]\n#[allow(dead_code)]\nfn list_contains_list_rev<'a>(a: Datum<'a>, b: Datum<'a>) -> Datum<'a> {\n    list_contains_list(b, a)\n}\n"
---
#[derive(
    proptest_derive::Arbitrary,
    Ord,
    PartialOrd,
    Clone,
    Debug,
    Eq,
    PartialEq,
    serde::Serialize,
    serde::Deserialize,
    Hash,
    mz_lowertest::MzReflect
)]
pub struct ListContainsListRev;
impl<'a> crate::func::binary::EagerBinaryFunc<'a> for ListContainsListRev {
    type Input1 = Datum<'a>;
    type Input2 = Datum<'a>;
    type Output = Datum<'a>;
    fn call(
        &self,
        a: Self::Input1,
        b: Self::Input2,
        temp_storage: &'a mz_repr::RowArena,
    ) -> Self::Output {
        list_contains_list_rev(a, b)
    }
    fn output_type(
        &self,
        input_type_a: mz_repr::ColumnType,
        input_type_b: mz_repr::ColumnType,
    ) -> mz_repr::ColumnType {
        use mz_repr::AsColumnType;
        let output = <bool>::as_column_type();
        let propagates_nulls = crate::func::binary::EagerBinaryFunc::propagates_nulls(
            self,
        );
        let nullable = output.nullable;
        output
            .nullable(
                nullable
                    || (propagates_nulls
                        && (input_type_a.nullable || input_type_b.nullable)),
            )
    }
    fn introduces_nulls(&self) -> bool {
        false
    }
    fn is_infix_op(&self) -> bool {
        true
    }
    fn propagates_nulls(&self) -> bool {
        true
    }
}
impl std::fmt::Display for ListContainsListRev {
    fn fmt(&self, f: &mut std::fmt::Formatter) -> std::fmt::Result {
        f.write_str("<@")
    }
}
#[allow(dead_code)]
fn list_contains_list_rev<'a>(a: Datum<'a>, b: Datum<'a>) -> Datum<'a> {
    list_contains_list(b, a)
}
