---
source: src/expr/src/scalar/func.rs
expression: "#[sqlfunc(\n    is_monotone = (false, false),\n    output_type = u64,\n    is_infix_op = true,\n    sqlname = \">>\",\n    propagates_nulls = true\n)]\nfn bit_shift_right_uint64<'a>(a: Datum<'a>, b: Datum<'a>) -> Datum<'a> {\n    let lhs = a.unwrap_uint64();\n    let rhs = b.unwrap_uint32();\n    Datum::from(lhs.wrapping_shr(rhs))\n}\n"
---
#[derive(
    proptest_derive::Arbitrary,
    Ord,
    PartialOrd,
    Clone,
    Debug,
    Eq,
    PartialEq,
    serde::Serialize,
    serde::Deserialize,
    Hash,
    mz_lowertest::MzReflect
)]
pub struct BitShiftRightUint64;
impl<'a> crate::func::binary::EagerBinaryFunc<'a> for BitShiftRightUint64 {
    type Input1 = Datum<'a>;
    type Input2 = Datum<'a>;
    type Output = Datum<'a>;
    fn call(
        &self,
        a: Self::Input1,
        b: Self::Input2,
        temp_storage: &'a mz_repr::RowArena,
    ) -> Self::Output {
        bit_shift_right_uint64(a, b)
    }
    fn output_type(
        &self,
        input_type_a: mz_repr::ColumnType,
        input_type_b: mz_repr::ColumnType,
    ) -> mz_repr::ColumnType {
        use mz_repr::AsColumnType;
        let output = <u64>::as_column_type();
        let propagates_nulls = crate::func::binary::EagerBinaryFunc::propagates_nulls(
            self,
        );
        let nullable = output.nullable;
        output
            .nullable(
                nullable
                    || (propagates_nulls
                        && (input_type_a.nullable || input_type_b.nullable)),
            )
    }
    fn introduces_nulls(&self) -> bool {
        <u64 as ::mz_repr::DatumType<'_, ()>>::nullable()
    }
    fn is_infix_op(&self) -> bool {
        true
    }
    fn is_monotone(&self) -> (bool, bool) {
        (false, false)
    }
    fn propagates_nulls(&self) -> bool {
        true
    }
}
impl std::fmt::Display for BitShiftRightUint64 {
    fn fmt(&self, f: &mut std::fmt::Formatter) -> std::fmt::Result {
        f.write_str(">>")
    }
}
fn bit_shift_right_uint64<'a>(a: Datum<'a>, b: Datum<'a>) -> Datum<'a> {
    let lhs = a.unwrap_uint64();
    let rhs = b.unwrap_uint32();
    Datum::from(lhs.wrapping_shr(rhs))
}
