---
source: src/expr/src/scalar/func.rs
expression: "#[sqlfunc(\n    is_monotone = (true, true),\n    output_type = f64,\n    is_infix_op = true,\n    sqlname = \"+\",\n    propagates_nulls = true\n)]\nfn add_float64<'a>(a: Datum<'a>, b: Datum<'a>) -> Result<Datum<'a>, EvalError> {\n    let a = a.unwrap_float64();\n    let b = b.unwrap_float64();\n    let sum = a + b;\n    if sum.is_infinite() && !a.is_infinite() && !b.is_infinite() {\n        Err(EvalError::FloatOverflow)\n    } else {\n        Ok(Datum::from(sum))\n    }\n}\n"
---
#[derive(
    proptest_derive::Arbitrary,
    Ord,
    PartialOrd,
    Clone,
    Debug,
    Eq,
    PartialEq,
    serde::Serialize,
    serde::Deserialize,
    Hash,
    mz_lowertest::MzReflect
)]
pub struct AddFloat64;
impl<'a> crate::func::binary::EagerBinaryFunc<'a> for AddFloat64 {
    type Input1 = Datum<'a>;
    type Input2 = Datum<'a>;
    type Output = Result<Datum<'a>, EvalError>;
    fn call(
        &self,
        a: Self::Input1,
        b: Self::Input2,
        temp_storage: &'a mz_repr::RowArena,
    ) -> Self::Output {
        add_float64(a, b)
    }
    fn output_type(
        &self,
        input_type_a: mz_repr::ColumnType,
        input_type_b: mz_repr::ColumnType,
    ) -> mz_repr::ColumnType {
        use mz_repr::AsColumnType;
        let output = <f64>::as_column_type();
        let propagates_nulls = crate::func::binary::EagerBinaryFunc::propagates_nulls(
            self,
        );
        let nullable = output.nullable;
        output
            .nullable(
                nullable
                    || (propagates_nulls
                        && (input_type_a.nullable || input_type_b.nullable)),
            )
    }
    fn introduces_nulls(&self) -> bool {
        <f64 as ::mz_repr::DatumType<'_, ()>>::nullable()
    }
    fn is_infix_op(&self) -> bool {
        true
    }
    fn is_monotone(&self) -> (bool, bool) {
        (true, true)
    }
    fn propagates_nulls(&self) -> bool {
        true
    }
}
impl std::fmt::Display for AddFloat64 {
    fn fmt(&self, f: &mut std::fmt::Formatter) -> std::fmt::Result {
        f.write_str("+")
    }
}
fn add_float64<'a>(a: Datum<'a>, b: Datum<'a>) -> Result<Datum<'a>, EvalError> {
    let a = a.unwrap_float64();
    let b = b.unwrap_float64();
    let sum = a + b;
    if sum.is_infinite() && !a.is_infinite() && !b.is_infinite() {
        Err(EvalError::FloatOverflow)
    } else {
        Ok(Datum::from(sum))
    }
}
