---
source: src/expr/src/scalar/func/binary.rs
expression: "#[sqlfunc()]\nfn fallible1(a: f32, b: f32) -> Result<f32, EvalError> {\n    Ok(a + b)\n}\n"
---
#[derive(
    proptest_derive::Arbitrary,
    Ord,
    PartialOrd,
    Clone,
    Debug,
    Eq,
    PartialEq,
    serde::Serialize,
    serde::Deserialize,
    Hash,
    mz_lowertest::MzReflect
)]
pub struct Fallible1;
impl<'a> crate::func::binary::EagerBinaryFunc<'a> for Fallible1 {
    type Input1 = f32;
    type Input2 = f32;
    type Output = Result<f32, EvalError>;
    fn call(
        &self,
        a: Self::Input1,
        b: Self::Input2,
        temp_storage: &'a mz_repr::RowArena,
    ) -> Self::Output {
        fallible1(a, b)
    }
    fn output_type(
        &self,
        input_type_a: mz_repr::ColumnType,
        input_type_b: mz_repr::ColumnType,
    ) -> mz_repr::ColumnType {
        use mz_repr::AsColumnType;
        let output = Self::Output::as_column_type();
        let propagates_nulls = crate::func::binary::EagerBinaryFunc::propagates_nulls(
            self,
        );
        let nullable = output.nullable;
        output
            .nullable(
                nullable
                    || (propagates_nulls
                        && (input_type_a.nullable || input_type_b.nullable)),
            )
    }
}
impl std::fmt::Display for Fallible1 {
    fn fmt(&self, f: &mut std::fmt::Formatter) -> std::fmt::Result {
        f.write_str(stringify!(fallible1))
    }
}
fn fallible1(a: f32, b: f32) -> Result<f32, EvalError> {
    Ok(a + b)
}
