---
source: src/expr/src/scalar/func/impls/byte.rs
expression: "#[sqlfunc(\n    sqlname = \"kafka_murmur2_string\",\n    preserves_uniqueness = false,\n    inverse = None,\n    is_monotone = false,\n)]\n#[allow(clippy::extra_unused_lifetimes)]\npub fn kafka_murmur2_string<'a>(a: &'a str) -> i32 {\n    { kafka_murmur2_bytes(a.as_bytes()) }\n}\n"
---
#[derive(
    proptest_derive::Arbitrary,
    Ord,
    PartialOrd,
    Clone,
    Debug,
    Eq,
    PartialEq,
    serde::Serialize,
    serde::Deserialize,
    Hash,
    mz_lowertest::MzReflect
)]
pub struct KafkaMurmur2String;
impl<'a> crate::func::EagerUnaryFunc<'a> for KafkaMurmur2String {
    type Input = &'a str;
    type Output = i32;
    fn call(&self, a: Self::Input) -> Self::Output {
        kafka_murmur2_string(a)
    }
    fn output_type(&self, input_type: mz_repr::ColumnType) -> mz_repr::ColumnType {
        use mz_repr::AsColumnType;
        let output = Self::Output::as_column_type();
        let propagates_nulls = crate::func::EagerUnaryFunc::propagates_nulls(self);
        let nullable = output.nullable;
        output.nullable(nullable || (propagates_nulls && input_type.nullable))
    }
    fn inverse(&self) -> Option<crate::UnaryFunc> {
        None
    }
    fn is_monotone(&self) -> bool {
        false
    }
    fn preserves_uniqueness(&self) -> bool {
        false
    }
}
impl std::fmt::Display for KafkaMurmur2String {
    fn fmt(&self, f: &mut std::fmt::Formatter) -> std::fmt::Result {
        f.write_str("kafka_murmur2_string")
    }
}
#[allow(clippy::extra_unused_lifetimes)]
pub fn kafka_murmur2_string<'a>(a: &'a str) -> i32 {
    { kafka_murmur2_bytes(a.as_bytes()) }
}
