---
source: src/expr/src/scalar/func/impls/boolean.rs
expression: info
---
Info {
    output_type_nullable: SqlColumnType {
        scalar_type: String,
        nullable: true,
    },
    output_type_nonnullable: SqlColumnType {
        scalar_type: String,
        nullable: false,
    },
    preserves_uniqueness: true,
    inverse: Some(
        CastStringToBool(
            CastStringToBool,
        ),
    ),
    is_monotone: true,
    propagates_nulls: true,
    introduces_nulls: false,
    could_error: false,
}
