---
source: src/expr/src/scalar/func/impls/uint16.rs
expression: info
---
Info {
    output_type_nullable: ColumnType {
        scalar_type: UInt32,
        nullable: true,
    },
    output_type_nonnullable: ColumnType {
        scalar_type: UInt32,
        nullable: false,
    },
    preserves_uniqueness: true,
    inverse: Some(
        CastUint32ToUint16(
            CastUint32ToUint16,
        ),
    ),
    is_monotone: true,
    propagates_nulls: true,
    introduces_nulls: false,
    could_error: false,
}
