---
source: src/expr/src/scalar/func/impls/string.rs
expression: "#[sqlfunc(\n    sqlname = \"char_length\",\n    preserves_uniqueness = false,\n    inverse = None,\n    is_monotone = false,\n)]\n#[allow(clippy::extra_unused_lifetimes)]\npub fn char_length<'a>(a: &'a str) -> Result<i32, EvalError> {\n    {\n        let length = a.chars().count();\n        i32::try_from(length)\n            .or_else(|_| Err(EvalError::Int32OutOfRange(length.to_string().into())))\n    }\n}\n"
---
#[derive(
    proptest_derive::Arbitrary,
    Ord,
    PartialOrd,
    Clone,
    Debug,
    Eq,
    PartialEq,
    serde::Serialize,
    serde::Deserialize,
    Hash,
    mz_lowertest::MzReflect
)]
pub struct CharLength;
impl<'a> crate::func::EagerUnaryFunc<'a> for CharLength {
    type Input = &'a str;
    type Output = Result<i32, EvalError>;
    fn call(&self, a: Self::Input) -> Self::Output {
        char_length(a)
    }
    fn output_type(&self, input_type: mz_repr::ColumnType) -> mz_repr::ColumnType {
        use mz_repr::AsColumnType;
        let output = Self::Output::as_column_type();
        let propagates_nulls = crate::func::EagerUnaryFunc::propagates_nulls(self);
        let nullable = output.nullable;
        output.nullable(nullable || (propagates_nulls && input_type.nullable))
    }
    fn inverse(&self) -> Option<crate::UnaryFunc> {
        None
    }
    fn is_monotone(&self) -> bool {
        false
    }
    fn preserves_uniqueness(&self) -> bool {
        false
    }
}
impl std::fmt::Display for CharLength {
    fn fmt(&self, f: &mut std::fmt::Formatter) -> std::fmt::Result {
        f.write_str("char_length")
    }
}
#[allow(clippy::extra_unused_lifetimes)]
pub fn char_length<'a>(a: &'a str) -> Result<i32, EvalError> {
    {
        let length = a.chars().count();
        i32::try_from(length)
            .or_else(|_| Err(EvalError::Int32OutOfRange(length.to_string().into())))
    }
}
