---
source: src/expr/src/scalar/func/impls/int16.rs
expression: info
---
Info {
    output_type_nullable: ColumnType {
        scalar_type: UInt64,
        nullable: true,
    },
    output_type_nonnullable: ColumnType {
        scalar_type: UInt64,
        nullable: false,
    },
    preserves_uniqueness: true,
    inverse: Some(
        CastUint64ToInt16(
            CastUint64ToInt16,
        ),
    ),
    is_monotone: true,
    propagates_nulls: true,
    introduces_nulls: false,
    could_error: true,
}
