---
source: src/expr/src/scalar/func/impls/int64.rs
expression: "#[sqlfunc(\n    sqlname = \"bigint_to_smallint\",\n    preserves_uniqueness = true,\n    inverse = to_unary!(super::CastInt16ToInt64),\n    is_monotone = true,\n)]\n#[allow(clippy::extra_unused_lifetimes)]\npub fn cast_int64_to_int16<'a>(a: i64) -> Result<i16, EvalError> {\n    { i16::try_from(a).or(Err(EvalError::Int16OutOfRange(a.to_string().into()))) }\n}\n"
---
#[derive(
    proptest_derive::Arbitrary,
    Ord,
    PartialOrd,
    Clone,
    Debug,
    Eq,
    PartialEq,
    serde::Serialize,
    serde::Deserialize,
    Hash,
    mz_lowertest::MzReflect
)]
pub struct CastInt64ToInt16;
impl<'a> crate::func::EagerUnaryFunc<'a> for CastInt64ToInt16 {
    type Input = i64;
    type Output = Result<i16, EvalError>;
    fn call(&self, a: Self::Input) -> Self::Output {
        cast_int64_to_int16(a)
    }
    fn output_type(&self, input_type: mz_repr::ColumnType) -> mz_repr::ColumnType {
        use mz_repr::AsColumnType;
        let output = Self::Output::as_column_type();
        let propagates_nulls = crate::func::EagerUnaryFunc::propagates_nulls(self);
        let nullable = output.nullable;
        output.nullable(nullable || (propagates_nulls && input_type.nullable))
    }
    fn inverse(&self) -> Option<crate::UnaryFunc> {
        to_unary!(super::CastInt16ToInt64)
    }
    fn is_monotone(&self) -> bool {
        true
    }
    fn preserves_uniqueness(&self) -> bool {
        true
    }
}
impl std::fmt::Display for CastInt64ToInt16 {
    fn fmt(&self, f: &mut std::fmt::Formatter) -> std::fmt::Result {
        f.write_str("bigint_to_smallint")
    }
}
#[allow(clippy::extra_unused_lifetimes)]
pub fn cast_int64_to_int16<'a>(a: i64) -> Result<i16, EvalError> {
    { i16::try_from(a).or(Err(EvalError::Int16OutOfRange(a.to_string().into()))) }
}
