---
source: src/expr/src/scalar/func/impls/uint64.rs
expression: "#[sqlfunc(\n    sqlname = \"uint8_to_double\",\n    preserves_uniqueness = false,\n    inverse = to_unary!(super::CastFloat64ToUint64),\n    is_monotone = true,\n)]\n#[allow(clippy::extra_unused_lifetimes)]\npub fn cast_uint64_to_float64<'a>(a: u64) -> f64 {\n    { #[allow(clippy::as_conversions)] { a as f64 } }\n}\n"
---
#[derive(
    proptest_derive::Arbitrary,
    Ord,
    PartialOrd,
    Clone,
    Debug,
    Eq,
    PartialEq,
    serde::Serialize,
    serde::Deserialize,
    Hash,
    mz_lowertest::MzReflect
)]
pub struct CastUint64ToFloat64;
impl<'a> crate::func::EagerUnaryFunc<'a> for CastUint64ToFloat64 {
    type Input = u64;
    type Output = f64;
    fn call(&self, a: Self::Input) -> Self::Output {
        cast_uint64_to_float64(a)
    }
    fn output_type(&self, input_type: mz_repr::ColumnType) -> mz_repr::ColumnType {
        use mz_repr::AsColumnType;
        let output = Self::Output::as_column_type();
        let propagates_nulls = crate::func::EagerUnaryFunc::propagates_nulls(self);
        let nullable = output.nullable;
        output.nullable(nullable || (propagates_nulls && input_type.nullable))
    }
    fn inverse(&self) -> Option<crate::UnaryFunc> {
        to_unary!(super::CastFloat64ToUint64)
    }
    fn is_monotone(&self) -> bool {
        true
    }
    fn preserves_uniqueness(&self) -> bool {
        false
    }
}
impl std::fmt::Display for CastUint64ToFloat64 {
    fn fmt(&self, f: &mut std::fmt::Formatter) -> std::fmt::Result {
        f.write_str("uint8_to_double")
    }
}
#[allow(clippy::extra_unused_lifetimes)]
pub fn cast_uint64_to_float64<'a>(a: u64) -> f64 {
    { #[allow(clippy::as_conversions)] { a as f64 } }
}
