---
source: src/expr/src/scalar/func/impls/interval.rs
expression: info
---
Info {
    output_type_nullable: ColumnType {
        scalar_type: Time,
        nullable: true,
    },
    output_type_nonnullable: ColumnType {
        scalar_type: Time,
        nullable: false,
    },
    preserves_uniqueness: false,
    inverse: Some(
        CastTimeToInterval(
            CastTimeToInterval,
        ),
    ),
    is_monotone: false,
    propagates_nulls: true,
    introduces_nulls: false,
    could_error: false,
}
