---
source: src/expr/src/scalar/func/impls/numeric.rs
expression: "#[sqlfunc(\n    sqlname = \"numeric_to_uint4\",\n    preserves_uniqueness = false,\n    inverse = to_unary!(super::CastUint32ToNumeric(None)),\n    is_monotone = true,\n)]\n#[allow(clippy::extra_unused_lifetimes)]\npub fn cast_numeric_to_uint32<'a>(a: Numeric) -> Result<u32, EvalError> {\n    {\n        let mut a = a;\n        {\n            let mut cx = numeric::cx_datum();\n            cx.round(&mut a);\n            cx.clear_status();\n            cx.try_into_u32(a).or(Err(EvalError::UInt32OutOfRange(a.to_string().into())))\n        }\n    }\n}\n"
---
#[derive(
    proptest_derive::Arbitrary,
    Ord,
    PartialOrd,
    Clone,
    Debug,
    Eq,
    PartialEq,
    serde::Serialize,
    serde::Deserialize,
    Hash,
    mz_lowertest::MzReflect
)]
pub struct CastNumericToUint32;
impl<'a> crate::func::EagerUnaryFunc<'a> for CastNumericToUint32 {
    type Input = Numeric;
    type Output = Result<u32, EvalError>;
    fn call(&self, a: Self::Input) -> Self::Output {
        cast_numeric_to_uint32(a)
    }
    fn output_type(&self, input_type: mz_repr::ColumnType) -> mz_repr::ColumnType {
        use mz_repr::AsColumnType;
        let output = Self::Output::as_column_type();
        let propagates_nulls = crate::func::EagerUnaryFunc::propagates_nulls(self);
        let nullable = output.nullable;
        output.nullable(nullable || (propagates_nulls && input_type.nullable))
    }
    fn inverse(&self) -> Option<crate::UnaryFunc> {
        to_unary!(super::CastUint32ToNumeric(None))
    }
    fn is_monotone(&self) -> bool {
        true
    }
    fn preserves_uniqueness(&self) -> bool {
        false
    }
}
impl std::fmt::Display for CastNumericToUint32 {
    fn fmt(&self, f: &mut std::fmt::Formatter) -> std::fmt::Result {
        f.write_str("numeric_to_uint4")
    }
}
#[allow(clippy::extra_unused_lifetimes)]
pub fn cast_numeric_to_uint32<'a>(a: Numeric) -> Result<u32, EvalError> {
    {
        let mut a = a;
        {
            let mut cx = numeric::cx_datum();
            cx.round(&mut a);
            cx.clear_status();
            cx.try_into_u32(a).or(Err(EvalError::UInt32OutOfRange(a.to_string().into())))
        }
    }
}
