---
source: src/expr/src/scalar/func/impls/float32.rs
expression: info
---
Info {
    output_type_nullable: ColumnType {
        scalar_type: Float32,
        nullable: true,
    },
    output_type_nonnullable: ColumnType {
        scalar_type: Float32,
        nullable: false,
    },
    preserves_uniqueness: false,
    inverse: Some(
        NegFloat32(
            NegFloat32,
        ),
    ),
    is_monotone: true,
    propagates_nulls: true,
    introduces_nulls: false,
    could_error: false,
}
