---
source: src/expr/src/scalar/func/impls/mz_timestamp.rs
expression: "#[sqlfunc(\n    sqlname = \"integer_to_mz_timestamp\",\n    preserves_uniqueness = true,\n    inverse = None,\n    is_monotone = true,\n)]\n#[allow(clippy::extra_unused_lifetimes)]\npub fn cast_int32_to_mz_timestamp<'a>(a: i32) -> Result<Timestamp, EvalError> {\n    {\n        i64::from(a)\n            .try_into()\n            .map_err(|_| EvalError::MzTimestampOutOfRange(a.to_string().into()))\n    }\n}\n"
---
#[derive(
    proptest_derive::Arbitrary,
    Ord,
    PartialOrd,
    Clone,
    Debug,
    Eq,
    PartialEq,
    serde::Serialize,
    serde::Deserialize,
    Hash,
    mz_lowertest::MzReflect
)]
pub struct CastInt32ToMzTimestamp;
impl<'a> crate::func::EagerUnaryFunc<'a> for CastInt32ToMzTimestamp {
    type Input = i32;
    type Output = Result<Timestamp, EvalError>;
    fn call(&self, a: Self::Input) -> Self::Output {
        cast_int32_to_mz_timestamp(a)
    }
    fn output_type(&self, input_type: mz_repr::ColumnType) -> mz_repr::ColumnType {
        use mz_repr::AsColumnType;
        let output = Self::Output::as_column_type();
        let propagates_nulls = crate::func::EagerUnaryFunc::propagates_nulls(self);
        let nullable = output.nullable;
        output.nullable(nullable || (propagates_nulls && input_type.nullable))
    }
    fn inverse(&self) -> Option<crate::UnaryFunc> {
        None
    }
    fn is_monotone(&self) -> bool {
        true
    }
    fn preserves_uniqueness(&self) -> bool {
        true
    }
}
impl std::fmt::Display for CastInt32ToMzTimestamp {
    fn fmt(&self, f: &mut std::fmt::Formatter) -> std::fmt::Result {
        f.write_str("integer_to_mz_timestamp")
    }
}
#[allow(clippy::extra_unused_lifetimes)]
pub fn cast_int32_to_mz_timestamp<'a>(a: i32) -> Result<Timestamp, EvalError> {
    {
        i64::from(a)
            .try_into()
            .map_err(|_| EvalError::MzTimestampOutOfRange(a.to_string().into()))
    }
}
