---
source: src/expr/src/scalar/func/impls/int32.rs
expression: "#[sqlfunc(\n    sqlname = \"integer_to_boolean\",\n    preserves_uniqueness = false,\n    inverse = to_unary!(super::CastBoolToInt32),\n    is_monotone = false,\n)]\n#[allow(clippy::extra_unused_lifetimes)]\npub fn cast_int32_to_bool<'a>(a: i32) -> bool {\n    { a != 0 }\n}\n"
---
#[derive(
    proptest_derive::Arbitrary,
    Ord,
    PartialOrd,
    Clone,
    Debug,
    Eq,
    PartialEq,
    serde::Serialize,
    serde::Deserialize,
    Hash,
    mz_lowertest::MzReflect
)]
pub struct CastInt32ToBool;
impl<'a> crate::func::EagerUnaryFunc<'a> for CastInt32ToBool {
    type Input = i32;
    type Output = bool;
    fn call(&self, a: Self::Input) -> Self::Output {
        cast_int32_to_bool(a)
    }
    fn output_type(&self, input_type: mz_repr::ColumnType) -> mz_repr::ColumnType {
        use mz_repr::AsColumnType;
        let output = Self::Output::as_column_type();
        let propagates_nulls = crate::func::EagerUnaryFunc::propagates_nulls(self);
        let nullable = output.nullable;
        output.nullable(nullable || (propagates_nulls && input_type.nullable))
    }
    fn inverse(&self) -> Option<crate::UnaryFunc> {
        to_unary!(super::CastBoolToInt32)
    }
    fn is_monotone(&self) -> bool {
        false
    }
    fn preserves_uniqueness(&self) -> bool {
        false
    }
}
impl std::fmt::Display for CastInt32ToBool {
    fn fmt(&self, f: &mut std::fmt::Formatter) -> std::fmt::Result {
        f.write_str("integer_to_boolean")
    }
}
#[allow(clippy::extra_unused_lifetimes)]
pub fn cast_int32_to_bool<'a>(a: i32) -> bool {
    { a != 0 }
}
