---
source: src/expr/src/scalar/func/impls/jsonb.rs
expression: info
---
Info {
    output_type_nullable: ColumnType {
        scalar_type: Int32,
        nullable: true,
    },
    output_type_nonnullable: ColumnType {
        scalar_type: Int32,
        nullable: true,
    },
    preserves_uniqueness: false,
    inverse: None,
    is_monotone: false,
    propagates_nulls: true,
    introduces_nulls: true,
    could_error: true,
}
