---
source: src/expr/src/scalar/func/impls/int32.rs
expression: info
---
Info {
    output_type_nullable: SqlColumnType {
        scalar_type: String,
        nullable: true,
    },
    output_type_nonnullable: SqlColumnType {
        scalar_type: String,
        nullable: false,
    },
    preserves_uniqueness: false,
    inverse: None,
    is_monotone: false,
    propagates_nulls: true,
    introduces_nulls: false,
    could_error: true,
}
