---
source: src/expr/src/scalar/func/impls/int64.rs
expression: info
---
Info {
    output_type_nullable: ColumnType {
        scalar_type: Float64,
        nullable: true,
    },
    output_type_nonnullable: ColumnType {
        scalar_type: Float64,
        nullable: false,
    },
    preserves_uniqueness: false,
    inverse: Some(
        CastFloat64ToInt64(
            CastFloat64ToInt64,
        ),
    ),
    is_monotone: true,
    propagates_nulls: true,
    introduces_nulls: false,
    could_error: false,
}
