---
source: src/expr/src/scalar/func/impls/oid.rs
expression: "#[sqlfunc(\n    sqlname = \"oid_to_bigint\",\n    preserves_uniqueness = true,\n    inverse = to_unary!(super::CastInt64ToOid),\n    is_monotone = false,\n)]\n#[allow(clippy::extra_unused_lifetimes)]\npub fn cast_oid_to_int64<'a>(a: Oid) -> i64 {\n    { i64::from(a.0) }\n}\n"
---
#[derive(
    proptest_derive::Arbitrary,
    Ord,
    PartialOrd,
    Clone,
    Debug,
    Eq,
    PartialEq,
    serde::Serialize,
    serde::Deserialize,
    Hash,
    mz_lowertest::MzReflect
)]
pub struct CastOidToInt64;
impl<'a> crate::func::EagerUnaryFunc<'a> for CastOidToInt64 {
    type Input = Oid;
    type Output = i64;
    fn call(&self, a: Self::Input) -> Self::Output {
        cast_oid_to_int64(a)
    }
    fn output_type(&self, input_type: mz_repr::ColumnType) -> mz_repr::ColumnType {
        use mz_repr::AsColumnType;
        let output = Self::Output::as_column_type();
        let propagates_nulls = crate::func::EagerUnaryFunc::propagates_nulls(self);
        let nullable = output.nullable;
        output.nullable(nullable || (propagates_nulls && input_type.nullable))
    }
    fn inverse(&self) -> Option<crate::UnaryFunc> {
        to_unary!(super::CastInt64ToOid)
    }
    fn is_monotone(&self) -> bool {
        false
    }
    fn preserves_uniqueness(&self) -> bool {
        true
    }
}
impl std::fmt::Display for CastOidToInt64 {
    fn fmt(&self, f: &mut std::fmt::Formatter) -> std::fmt::Result {
        f.write_str("oid_to_bigint")
    }
}
#[allow(clippy::extra_unused_lifetimes)]
pub fn cast_oid_to_int64<'a>(a: Oid) -> i64 {
    { i64::from(a.0) }
}
