---
source: src/expr/src/scalar/func/impls/float64.rs
expression: "#[sqlfunc(\n    sqlname = stringify!(asinh),\n    preserves_uniqueness = false,\n    inverse = None,\n    is_monotone = false,\n)]\n#[allow(clippy::extra_unused_lifetimes)]\npub fn asinh<'a>(a: f64) -> f64 {\n    { a.asinh() }\n}\n"
---
#[derive(
    proptest_derive::Arbitrary,
    Ord,
    PartialOrd,
    Clone,
    Debug,
    Eq,
    PartialEq,
    serde::Serialize,
    serde::Deserialize,
    Hash,
    mz_lowertest::MzReflect
)]
pub struct Asinh;
impl<'a> crate::func::EagerUnaryFunc<'a> for Asinh {
    type Input = f64;
    type Output = f64;
    fn call(&self, a: Self::Input) -> Self::Output {
        asinh(a)
    }
    fn output_type(&self, input_type: mz_repr::ColumnType) -> mz_repr::ColumnType {
        use mz_repr::AsColumnType;
        let output = Self::Output::as_column_type();
        let propagates_nulls = crate::func::EagerUnaryFunc::propagates_nulls(self);
        let nullable = output.nullable;
        output.nullable(nullable || (propagates_nulls && input_type.nullable))
    }
    fn inverse(&self) -> Option<crate::UnaryFunc> {
        None
    }
    fn is_monotone(&self) -> bool {
        false
    }
    fn preserves_uniqueness(&self) -> bool {
        false
    }
}
impl std::fmt::Display for Asinh {
    fn fmt(&self, f: &mut std::fmt::Formatter) -> std::fmt::Result {
        f.write_str(stringify!(asinh))
    }
}
#[allow(clippy::extra_unused_lifetimes)]
pub fn asinh<'a>(a: f64) -> f64 {
    { a.asinh() }
}
