---
source: src/expr/src/scalar/func/impls/range.rs
expression: "#[sqlfunc(\n    sqlname = \"range_upper_inc\",\n    preserves_uniqueness = false,\n    inverse = None,\n    is_monotone = false,\n)]\n#[allow(clippy::extra_unused_lifetimes)]\npub fn range_upper_inc<'a>(a: Range<Datum<'a>>) -> bool {\n    {\n        match a.inner {\n            None => false,\n            Some(inner) => inner.upper.inclusive,\n        }\n    }\n}\n"
---
#[derive(
    proptest_derive::Arbitrary,
    Ord,
    PartialOrd,
    Clone,
    Debug,
    Eq,
    PartialEq,
    serde::Serialize,
    serde::Deserialize,
    Hash,
    mz_lowertest::MzReflect
)]
pub struct RangeUpperInc;
impl<'a> crate::func::EagerUnaryFunc<'a> for RangeUpperInc {
    type Input = Range<Datum<'a>>;
    type Output = bool;
    fn call(&self, a: Self::Input) -> Self::Output {
        range_upper_inc(a)
    }
    fn output_type(&self, input_type: mz_repr::ColumnType) -> mz_repr::ColumnType {
        use mz_repr::AsColumnType;
        let output = Self::Output::as_column_type();
        let propagates_nulls = crate::func::EagerUnaryFunc::propagates_nulls(self);
        let nullable = output.nullable;
        output.nullable(nullable || (propagates_nulls && input_type.nullable))
    }
    fn inverse(&self) -> Option<crate::UnaryFunc> {
        None
    }
    fn is_monotone(&self) -> bool {
        false
    }
    fn preserves_uniqueness(&self) -> bool {
        false
    }
}
impl std::fmt::Display for RangeUpperInc {
    fn fmt(&self, f: &mut std::fmt::Formatter) -> std::fmt::Result {
        f.write_str("range_upper_inc")
    }
}
#[allow(clippy::extra_unused_lifetimes)]
pub fn range_upper_inc<'a>(a: Range<Datum<'a>>) -> bool {
    {
        match a.inner {
            None => false,
            Some(inner) => inner.upper.inclusive,
        }
    }
}
