---
source: src/expr/src/scalar/func/impls/oid.rs
expression: "#[sqlfunc(\n    sqlname = \"oidtoregproc\",\n    preserves_uniqueness = true,\n    inverse = to_unary!(super::CastRegProcToOid),\n    is_monotone = false,\n)]\n#[allow(clippy::extra_unused_lifetimes)]\npub fn cast_oid_to_reg_proc<'a>(a: Oid) -> RegProc {\n    { RegProc(a.0) }\n}\n"
---
#[derive(
    proptest_derive::Arbitrary,
    Ord,
    PartialOrd,
    Clone,
    Debug,
    Eq,
    PartialEq,
    serde::Serialize,
    serde::Deserialize,
    Hash,
    mz_lowertest::MzReflect
)]
pub struct CastOidToRegProc;
impl<'a> crate::func::EagerUnaryFunc<'a> for CastOidToRegProc {
    type Input = Oid;
    type Output = RegProc;
    fn call(&self, a: Self::Input) -> Self::Output {
        cast_oid_to_reg_proc(a)
    }
    fn output_type(&self, input_type: mz_repr::ColumnType) -> mz_repr::ColumnType {
        use mz_repr::AsColumnType;
        let output = Self::Output::as_column_type();
        let propagates_nulls = crate::func::EagerUnaryFunc::propagates_nulls(self);
        let nullable = output.nullable;
        output.nullable(nullable || (propagates_nulls && input_type.nullable))
    }
    fn inverse(&self) -> Option<crate::UnaryFunc> {
        to_unary!(super::CastRegProcToOid)
    }
    fn is_monotone(&self) -> bool {
        false
    }
    fn preserves_uniqueness(&self) -> bool {
        true
    }
}
impl std::fmt::Display for CastOidToRegProc {
    fn fmt(&self, f: &mut std::fmt::Formatter) -> std::fmt::Result {
        f.write_str("oidtoregproc")
    }
}
#[allow(clippy::extra_unused_lifetimes)]
pub fn cast_oid_to_reg_proc<'a>(a: Oid) -> RegProc {
    { RegProc(a.0) }
}
