---
source: src/expr/src/scalar/func/impls/string.rs
expression: info
---
Info {
    output_type_nullable: ColumnType {
        scalar_type: Interval,
        nullable: true,
    },
    output_type_nonnullable: ColumnType {
        scalar_type: Interval,
        nullable: false,
    },
    preserves_uniqueness: false,
    inverse: Some(
        CastIntervalToString(
            CastIntervalToString,
        ),
    ),
    is_monotone: false,
    propagates_nulls: true,
    introduces_nulls: false,
    could_error: true,
}
