---
source: src/expr/src/scalar/func/impls/int64.rs
expression: "#[sqlfunc(\n    sqlname = \"bigint_to_real\",\n    preserves_uniqueness = false,\n    inverse = to_unary!(super::CastFloat32ToInt64),\n    is_monotone = true,\n)]\n#[allow(clippy::extra_unused_lifetimes)]\npub fn cast_int64_to_float32<'a>(a: i64) -> f32 {\n    { #[allow(clippy::as_conversions)] { a as f32 } }\n}\n"
---
#[derive(
    proptest_derive::Arbitrary,
    Ord,
    PartialOrd,
    Clone,
    Debug,
    Eq,
    PartialEq,
    serde::Serialize,
    serde::Deserialize,
    Hash,
    mz_lowertest::MzReflect
)]
pub struct CastInt64ToFloat32;
impl<'a> crate::func::EagerUnaryFunc<'a> for CastInt64ToFloat32 {
    type Input = i64;
    type Output = f32;
    fn call(&self, a: Self::Input) -> Self::Output {
        cast_int64_to_float32(a)
    }
    fn output_type(&self, input_type: mz_repr::ColumnType) -> mz_repr::ColumnType {
        use mz_repr::AsColumnType;
        let output = Self::Output::as_column_type();
        let propagates_nulls = crate::func::EagerUnaryFunc::propagates_nulls(self);
        let nullable = output.nullable;
        output.nullable(nullable || (propagates_nulls && input_type.nullable))
    }
    fn inverse(&self) -> Option<crate::UnaryFunc> {
        to_unary!(super::CastFloat32ToInt64)
    }
    fn is_monotone(&self) -> bool {
        true
    }
    fn preserves_uniqueness(&self) -> bool {
        false
    }
}
impl std::fmt::Display for CastInt64ToFloat32 {
    fn fmt(&self, f: &mut std::fmt::Formatter) -> std::fmt::Result {
        f.write_str("bigint_to_real")
    }
}
#[allow(clippy::extra_unused_lifetimes)]
pub fn cast_int64_to_float32<'a>(a: i64) -> f32 {
    { #[allow(clippy::as_conversions)] { a as f32 } }
}
