---
source: src/expr/src/scalar/func/impls/int16.rs
expression: "#[sqlfunc(\n    sqlname = \"smallint_to_integer\",\n    preserves_uniqueness = true,\n    inverse = to_unary!(super::CastInt32ToInt16),\n    is_monotone = true,\n)]\n#[allow(clippy::extra_unused_lifetimes)]\npub fn cast_int16_to_int32<'a>(a: i16) -> i32 {\n    { i32::from(a) }\n}\n"
---
#[derive(
    proptest_derive::Arbitrary,
    Ord,
    PartialOrd,
    Clone,
    Debug,
    Eq,
    PartialEq,
    serde::Serialize,
    serde::Deserialize,
    Hash,
    mz_lowertest::MzReflect
)]
pub struct CastInt16ToInt32;
impl<'a> crate::func::EagerUnaryFunc<'a> for CastInt16ToInt32 {
    type Input = i16;
    type Output = i32;
    fn call(&self, a: Self::Input) -> Self::Output {
        cast_int16_to_int32(a)
    }
    fn output_type(&self, input_type: mz_repr::ColumnType) -> mz_repr::ColumnType {
        use mz_repr::AsColumnType;
        let output = Self::Output::as_column_type();
        let propagates_nulls = crate::func::EagerUnaryFunc::propagates_nulls(self);
        let nullable = output.nullable;
        output.nullable(nullable || (propagates_nulls && input_type.nullable))
    }
    fn inverse(&self) -> Option<crate::UnaryFunc> {
        to_unary!(super::CastInt32ToInt16)
    }
    fn is_monotone(&self) -> bool {
        true
    }
    fn preserves_uniqueness(&self) -> bool {
        true
    }
}
impl std::fmt::Display for CastInt16ToInt32 {
    fn fmt(&self, f: &mut std::fmt::Formatter) -> std::fmt::Result {
        f.write_str("smallint_to_integer")
    }
}
#[allow(clippy::extra_unused_lifetimes)]
pub fn cast_int16_to_int32<'a>(a: i16) -> i32 {
    { i32::from(a) }
}
