---
source: src/expr/src/scalar/func/impls/int32.rs
expression: info
---
Info {
    output_type_nullable: ColumnType {
        scalar_type: Int32,
        nullable: true,
    },
    output_type_nonnullable: ColumnType {
        scalar_type: Int32,
        nullable: false,
    },
    preserves_uniqueness: true,
    inverse: Some(
        BitNotInt32(
            BitNotInt32,
        ),
    ),
    is_monotone: false,
    propagates_nulls: true,
    introduces_nulls: false,
    could_error: false,
}
